"","x"
"1","Gene_1"
"2","Gene_2"
"3","Gene_3"
"4","Gene_4"
"5","Gene_5"
"6","Gene_6"
"7","Gene_7"
"8","Gene_8"
"9","Gene_9"
"10","Gene_10"
"11","Gene_11"
"12","Gene_12"
"13","Gene_13"
"14","Gene_14"
"15","Gene_15"
"16","Gene_16"
"17","Gene_17"
"18","Gene_18"
"19","Gene_19"
"20","Gene_20"
"21","Gene_21"
"22","Gene_22"
"23","Gene_23"
"24","Gene_24"
"25","Gene_25"
"26","Gene_26"
"27","Gene_27"
"28","Gene_28"
"29","Gene_29"
"30","Gene_30"
"31","Gene_31"
"32","Gene_32"
"33","Gene_34"
"34","Gene_36"
"35","Gene_37"
"36","Gene_38"
"37","Gene_39"
"38","Gene_40"
"39","Gene_41"
"40","Gene_42"
"41","Gene_43"
"42","Gene_44"
"43","Gene_45"
"44","Gene_46"
"45","Gene_47"
"46","Gene_48"
"47","Gene_49"
"48","Gene_50"
"49","Gene_51"
"50","Gene_52"
"51","Gene_53"
"52","Gene_54"
"53","Gene_55"
"54","Gene_57"
"55","Gene_58"
"56","Gene_60"
"57","Gene_61"
"58","Gene_62"
"59","Gene_63"
"60","Gene_64"
"61","Gene_65"
"62","Gene_66"
"63","Gene_67"
"64","Gene_68"
"65","Gene_69"
"66","Gene_70"
"67","Gene_71"
"68","Gene_72"
"69","Gene_73"
"70","Gene_74"
"71","Gene_75"
"72","Gene_77"
"73","Gene_78"
"74","Gene_79"
"75","Gene_80"
"76","Gene_81"
"77","Gene_82"
"78","Gene_83"
"79","Gene_85"
"80","Gene_86"
"81","Gene_87"
"82","Gene_88"
"83","Gene_90"
"84","Gene_91"
"85","Gene_92"
"86","Gene_93"
"87","Gene_94"
"88","Gene_95"
"89","Gene_96"
"90","Gene_97"
"91","Gene_98"
"92","Gene_99"
"93","Gene_100"
"94","Gene_1507"
"95","Gene_1511"
